./C12-ADMISSION-REFERENCE-SNAPSHOT-20260824.at-final.snapshot.md: OK
./MANIFEST.md: OK
./PATH-CASE-MATRIX.at-final.snapshot.md: OK
./build.stderr.txt: OK
./build.stdout.txt: OK
./catalog.stderr.txt: OK
./catalog.stdout.txt: OK
./full-test.stderr.txt: OK
./full-test.stdout.txt: OK
./pg-admission-retry.stderr.txt: OK
./pg-admission-retry.stdout.txt: OK
./postgres-residue.stderr.txt: OK
./postgres-residue.txt: OK
./proof.txt: OK
./targeted.stderr.txt: OK
./targeted.stdout.txt: OK
./typescript.stderr.txt: OK
./typescript.stdout.txt: OK
./w1.stderr.txt: OK
./w1.stdout.txt: OK
